[{"stream_name":"stdout","time":3.202645322,"data":"REPORT_LINE eyJjZWxsIjogInIwLjVfazAuMCIsICJzZWVkIjogMTEsICJWX2VuZCI6IDE1MjksICJzcHVydF9yYXRpbyI6IDEuNTk2LCAidF9wZWFrIjogMjIzOSwgIlZfcGVhayI6IDExMzAsICJsZXhfc2hhIjogIjkyNDY0MzZkNzViZDg3NWUifQ==\n"}
,{"stream_name":"stdout","time":4.332721731,"data":"REPORT_LINE eyJjZWxsIjogInIwLjVfazAuMCIsICJzZWVkIjogMjIsICJWX2VuZCI6IDE0NzYsICJzcHVydF9yYXRpbyI6IDEuNjczLCAidF9wZWFrIjogMjI5OSwgIlZfcGVhayI6IDExMDEsICJsZXhfc2hhIjogIjFlNmZiYTMzNzJkYzM3MDUifQ==\n"}
,{"stream_name":"stdout","time":5.498952542,"data":"REPORT_LINE eyJjZWxsIjogInIwLjVfazAuMCIsICJzZWVkIjogMzMsICJWX2VuZCI6IDE0ODgsICJzcHVydF9yYXRpbyI6IDEuNTkyLCAidF9wZWFrIjogMjc3OSwgIlZfcGVhayI6IDEzNjMsICJsZXhfc2hhIjogIjMyNWY4OWFjZjI2YmM5MTUifQ==\n"}
,{"stream_name":"stdout","time":5.501038002,"data":"REPORT_LINE eyJjZWxsIjogInIwLjVfazAuMCIsICJ0eXBlIjogImNlbGxfc3VtbWFyeSIsICJWX3BlYWtfbWVhbiI6IDExOTguMCwgInRfcGVha19tZWFuIjogMjQzOS4wLCAiZ2JfYWdlX3BlYWsiOiAxLjQzNSwgImdiX3NpemVfcGVhayI6IDIuMTExfQ==\n"}
,{"stream_name":"stdout","time":6.558095213,"data":"REPORT_LINE eyJjZWxsIjogInIwLjVfazEuNSIsICJzZWVkIjogMTEsICJWX2VuZCI6IDE0MjEsICJzcHVydF9yYXRpbyI6IDEuNTA5LCAidF9wZWFrIjogNDM5LCAiVl9wZWFrIjogMjA0LCAibGV4X3NoYSI6ICI5MjQ2NDM2ZDc1YmQ4NzVlIn0=\n"}
,{"stream_name":"stdout","time":7.652782993,"data":"REPORT_LINE eyJjZWxsIjogInIwLjVfazEuNSIsICJzZWVkIjogMjIsICJWX2VuZCI6IDE0NTAsICJzcHVydF9yYXRpbyI6IDEuNzIsICJ0X3BlYWsiOiAxMzI1LCAiVl9wZWFrIjogNjM0LCAibGV4X3NoYSI6ICIxZTZmYmEzMzcyZGMzNzA1In0=\n"}
,{"stream_name":"stdout","time":8.75729997,"data":"REPORT_LINE eyJjZWxsIjogInIwLjVfazEuNSIsICJzZWVkIjogMzMsICJWX2VuZCI6IDE0NzAsICJzcHVydF9yYXRpbyI6IDEuNjg1LCAidF9wZWFrIjogMTk2MCwgIlZfcGVhayI6IDk1MywgImxleF9zaGEiOiAiMzI1Zjg5YWNmMjZiYzkxNSJ9\n"}
,{"stream_name":"stdout","time":8.759074543,"data":"REPORT_LINE eyJjZWxsIjogInIwLjVfazEuNSIsICJ0eXBlIjogImNlbGxfc3VtbWFyeSIsICJWX3BlYWtfbWVhbiI6IDU5Ny4wLCAidF9wZWFrX21lYW4iOiAxMjQxLjMsICJnYl9hZ2VfcGVhayI6IDEuNDIzLCAiZ2Jfc2l6ZV9wZWFrIjogMS43MTR9\n"}
,{"stream_name":"stdout","time":10.068687446,"data":"REPORT_LINE eyJjZWxsIjogInIwLjVfazMuMCIsICJzZWVkIjogMTEsICJWX2VuZCI6IDE1ODAsICJzcHVydF9yYXRpbyI6IDEuNjQ4LCAidF9wZWFrIjogMTU2NCwgIlZfcGVhayI6IDc4NywgImxleF9zaGEiOiAiOTI0NjQzNmQ3NWJkODc1ZSJ9\n"}
,{"stream_name":"stdout","time":11.304993236,"data":"REPORT_LINE eyJjZWxsIjogInIwLjVfazMuMCIsICJzZWVkIjogMjIsICJWX2VuZCI6IDE1ODksICJzcHVydF9yYXRpbyI6IDEuNzYsICJ0X3BlYWsiOiA2OSwgIlZfcGVhayI6IDI3LCAibGV4X3NoYSI6ICIxZTZmYmEzMzcyZGMzNzA1In0=\n"}
,{"stream_name":"stdout","time":12.386579057,"data":"REPORT_LINE eyJjZWxsIjogInIwLjVfazMuMCIsICJzZWVkIjogMzMsICJWX2VuZCI6IDE0NDMsICJzcHVydF9yYXRpbyI6IDEuNzkyLCAidF9wZWFrIjogMTE4NCwgIlZfcGVhayI6IDU1MCwgImxleF9zaGEiOiAiMzI1Zjg5YWNmMjZiYzkxNSJ9\n"}
,{"stream_name":"stdout","time":12.388360426,"data":"REPORT_LINE eyJjZWxsIjogInIwLjVfazMuMCIsICJ0eXBlIjogImNlbGxfc3VtbWFyeSIsICJWX3BlYWtfbWVhbiI6IDQ1NC43LCAidF9wZWFrX21lYW4iOiA5MzkuMCwgImdiX2FnZV9wZWFrIjogMS41NjUsICJnYl9zaXplX3BlYWsiOiAyLjB9\n"}
,{"stream_name":"stdout","time":15.643481919,"data":"REPORT_LINE eyJjZWxsIjogInIxLjBfazAuMCIsICJzZWVkIjogMTEsICJWX2VuZCI6IDMwMzUsICJzcHVydF9yYXRpbyI6IDEuNDIyLCAidF9wZWFrIjogMTMxNSwgIlZfcGVhayI6IDEzNTMsICJsZXhfc2hhIjogIjkyNDY0MzZkNzViZDg3NWUifQ==\n"}
,{"stream_name":"stdout","time":17.604706582,"data":"REPORT_LINE eyJjZWxsIjogInIxLjBfazAuMCIsICJzZWVkIjogMjIsICJWX2VuZCI6IDI5NTksICJzcHVydF9yYXRpbyI6IDEuNDM3LCAidF9wZWFrIjogMjA5MCwgIlZfcGVhayI6IDIwNDgsICJsZXhfc2hhIjogIjFlNmZiYTMzNzJkYzM3MDUifQ==\n"}
,{"stream_name":"stdout","time":19.650134141,"data":"REPORT_LINE eyJjZWxsIjogInIxLjBfazAuMCIsICJzZWVkIjogMzMsICJWX2VuZCI6IDMwNTgsICJzcHVydF9yYXRpbyI6IDEuNTYsICJ0X3BlYWsiOiAyMTQsICJWX3BlYWsiOiAxOTgsICJsZXhfc2hhIjogIjMyNWY4OWFjZjI2YmM5MTUifQ==\n"}
,{"stream_name":"stdout","time":19.651874645,"data":"REPORT_LINE eyJjZWxsIjogInIxLjBfazAuMCIsICJ0eXBlIjogImNlbGxfc3VtbWFyeSIsICJWX3BlYWtfbWVhbiI6IDExOTkuNywgInRfcGVha19tZWFuIjogMTIwNi4zLCAiZ2JfYWdlX3BlYWsiOiAxLjM3MiwgImdiX3NpemVfcGVhayI6IDEuODc1fQ==\n"}
,{"stream_name":"stdout","time":21.693322042,"data":"REPORT_LINE eyJjZWxsIjogInIxLjBfazEuNSIsICJzZWVkIjogMTEsICJWX2VuZCI6IDMwNDIsICJzcHVydF9yYXRpbyI6IDEuNDYxLCAidF9wZWFrIjogMTQxOSwgIlZfcGVhayI6IDE0MDUsICJsZXhfc2hhIjogIjkyNDY0MzZkNzViZDg3NWUifQ==\n"}
,{"stream_name":"stdout","time":23.864412588,"data":"REPORT_LINE eyJjZWxsIjogInIxLjBfazEuNSIsICJzZWVkIjogMjIsICJWX2VuZCI6IDMwMjgsICJzcHVydF9yYXRpbyI6IDEuNDEzLCAidF9wZWFrIjogMTEzMCwgIlZfcGVhayI6IDExNjcsICJsZXhfc2hhIjogIjFlNmZiYTMzNzJkYzM3MDUifQ==\n"}
,{"stream_name":"stdout","time":25.82507316,"data":"REPORT_LINE eyJjZWxsIjogInIxLjBfazEuNSIsICJzZWVkIjogMzMsICJWX2VuZCI6IDI5NzYsICJzcHVydF9yYXRpbyI6IDEuNDA0LCAidF9wZWFrIjogOTY5LCAiVl9wZWFrIjogOTY1LCAibGV4X3NoYSI6ICIzMjVmODlhY2YyNmJjOTE1In0=\n"}
,{"stream_name":"stdout","time":25.827134927,"data":"REPORT_LINE eyJjZWxsIjogInIxLjBfazEuNSIsICJ0eXBlIjogImNlbGxfc3VtbWFyeSIsICJWX3BlYWtfbWVhbiI6IDExNzkuMCwgInRfcGVha19tZWFuIjogMTE3Mi43LCAiZ2JfYWdlX3BlYWsiOiAxLjM5NCwgImdiX3NpemVfcGVhayI6IDEuNzA2fQ==\n"}
,{"stream_name":"stdout","time":27.810615044,"data":"REPORT_LINE eyJjZWxsIjogInIxLjBfazMuMCIsICJzZWVkIjogMTEsICJWX2VuZCI6IDI5NzksICJzcHVydF9yYXRpbyI6IDEuMzI0LCAidF9wZWFrIjogMTI5MCwgIlZfcGVhayI6IDEzMTgsICJsZXhfc2hhIjogIjkyNDY0MzZkNzViZDg3NWUifQ==\n"}
,{"stream_name":"stdout","time":29.851298115,"data":"REPORT_LINE eyJjZWxsIjogInIxLjBfazMuMCIsICJzZWVkIjogMjIsICJWX2VuZCI6IDMwMjAsICJzcHVydF9yYXRpbyI6IDEuNDk1LCAidF9wZWFrIjogMTAyOSwgIlZfcGVhayI6IDEwMDYsICJsZXhfc2hhIjogIjFlNmZiYTMzNzJkYzM3MDUifQ==\n"}
,{"stream_name":"stdout","time":31.793117781,"data":"REPORT_LINE eyJjZWxsIjogInIxLjBfazMuMCIsICJzZWVkIjogMzMsICJWX2VuZCI6IDI5OTcsICJzcHVydF9yYXRpbyI6IDEuMzgsICJ0X3BlYWsiOiAyNzYwLCAiVl9wZWFrIjogMjczNCwgImxleF9zaGEiOiAiMzI1Zjg5YWNmMjZiYzkxNSJ9\n"}
,{"stream_name":"stdout","time":31.794865835,"data":"REPORT_LINE eyJjZWxsIjogInIxLjBfazMuMCIsICJ0eXBlIjogImNlbGxfc3VtbWFyeSIsICJWX3BlYWtfbWVhbiI6IDE2ODYuMCwgInRfcGVha19tZWFuIjogMTY5My4wLCAiZ2JfYWdlX3BlYWsiOiAxLjMyMywgImdiX3NpemVfcGVhayI6IDEuODI0fQ==\n"}
,{"stream_name":"stdout","time":33.923460478,"data":"REPORT_LINE eyJjZWxsIjogInIyLjBfazAuMCIsICJzZWVkIjogMTEsICJWX2VuZCI6IDQwMDAsICJzcHVydF9yYXRpbyI6IDEuMzM4LCAidF9wZWFrIjogNzk5LCAiVl9wZWFrIjogMTUzNSwgImxleF9zaGEiOiAiOTI0NjQzNmQ3NWJkODc1ZSJ9\n"}
,{"stream_name":"stdout","time":35.681706909,"data":"REPORT_LINE eyJjZWxsIjogInIyLjBfazAuMCIsICJzZWVkIjogMjIsICJWX2VuZCI6IDQwMDAsICJzcHVydF9yYXRpbyI6IDEuMzU0LCAidF9wZWFrIjogMjQ5LCAiVl9wZWFrIjogNTAxLCAibGV4X3NoYSI6ICIxZTZmYmEzMzcyZGMzNzA1In0=\n"}
,{"stream_name":"stdout","time":37.477020851,"data":"REPORT_LINE eyJjZWxsIjogInIyLjBfazAuMCIsICJzZWVkIjogMzMsICJWX2VuZCI6IDQwMDAsICJzcHVydF9yYXRpbyI6IDEuMjcsICJ0X3BlYWsiOiAxMjQ1LCAiVl9wZWFrIjogMjQ1OSwgImxleF9zaGEiOiAiMzI1Zjg5YWNmMjZiYzkxNSJ9\n"}
,{"stream_name":"stdout","time":37.478683096,"data":"REPORT_LINE eyJjZWxsIjogInIyLjBfazAuMCIsICJ0eXBlIjogImNlbGxfc3VtbWFyeSIsICJWX3BlYWtfbWVhbiI6IDE0OTguMywgInRfcGVha19tZWFuIjogNzY0LjMsICJnYl9hZ2VfcGVhayI6IDEuMjY4LCAiZ2Jfc2l6ZV9wZWFrIjogMS40ODV9\n"}
,{"stream_name":"stdout","time":39.21772244,"data":"REPORT_LINE eyJjZWxsIjogInIyLjBfazEuNSIsICJzZWVkIjogMTEsICJWX2VuZCI6IDQwMDAsICJzcHVydF9yYXRpbyI6IDEuMjgyLCAidF9wZWFrIjogNjk5LCAiVl9wZWFrIjogMTM5MCwgImxleF9zaGEiOiAiOTI0NjQzNmQ3NWJkODc1ZSJ9\n"}
,{"stream_name":"stdout","time":40.931597666,"data":"REPORT_LINE eyJjZWxsIjogInIyLjBfazEuNSIsICJzZWVkIjogMjIsICJWX2VuZCI6IDQwMDAsICJzcHVydF9yYXRpbyI6IDEuMjk5LCAidF9wZWFrIjogNDcwLCAiVl9wZWFrIjogOTExLCAibGV4X3NoYSI6ICIxZTZmYmEzMzcyZGMzNzA1In0=\n"}
,{"stream_name":"stdout","time":42.771343129,"data":"REPORT_LINE eyJjZWxsIjogInIyLjBfazEuNSIsICJzZWVkIjogMzMsICJWX2VuZCI6IDQwMDAsICJzcHVydF9yYXRpbyI6IDEuMzgxLCAidF9wZWFrIjogMTcwNSwgIlZfcGVhayI6IDMyODQsICJsZXhfc2hhIjogIjMyNWY4OWFjZjI2YmM5MTUifQ==\n"}
,{"stream_name":"stdout","time":42.773363249,"data":"REPORT_LINE eyJjZWxsIjogInIyLjBfazEuNSIsICJ0eXBlIjogImNlbGxfc3VtbWFyeSIsICJWX3BlYWtfbWVhbiI6IDE4NjEuNywgInRfcGVha19tZWFuIjogOTU4LjAsICJnYl9hZ2VfcGVhayI6IDEuMjYsICJnYl9zaXplX3BlYWsiOiAxLjQ4NX0=\n"}
,{"stream_name":"stdout","time":44.546842929,"data":"REPORT_LINE eyJjZWxsIjogInIyLjBfazMuMCIsICJzZWVkIjogMTEsICJWX2VuZCI6IDQwMDAsICJzcHVydF9yYXRpbyI6IDEuMjkzLCAidF9wZWFrIjogNDA1LCAiVl9wZWFrIjogODIxLCAibGV4X3NoYSI6ICI5MjQ2NDM2ZDc1YmQ4NzVlIn0=\n"}
,{"stream_name":"stdout","time":46.319481962,"data":"REPORT_LINE eyJjZWxsIjogInIyLjBfazMuMCIsICJzZWVkIjogMjIsICJWX2VuZCI6IDQwMDAsICJzcHVydF9yYXRpbyI6IDEuMzE2LCAidF9wZWFrIjogNjQwLCAiVl9wZWFrIjogMTI4MSwgImxleF9zaGEiOiAiMWU2ZmJhMzM3MmRjMzcwNSJ9\n"}
,{"stream_name":"stdout","time":48.050889002,"data":"REPORT_LINE eyJjZWxsIjogInIyLjBfazMuMCIsICJzZWVkIjogMzMsICJWX2VuZCI6IDQwMDAsICJzcHVydF9yYXRpbyI6IDEuMzcsICJ0X3BlYWsiOiA2NCwgIlZfcGVhayI6IDExMSwgImxleF9zaGEiOiAiMzI1Zjg5YWNmMjZiYzkxNSJ9\n"}
,{"stream_name":"stdout","time":48.053041962,"data":"REPORT_LINE eyJjZWxsIjogInIyLjBfazMuMCIsICJ0eXBlIjogImNlbGxfc3VtbWFyeSIsICJWX3BlYWtfbWVhbiI6IDczNy43LCAidF9wZWFrX21lYW4iOiAzNjkuNywgImdiX2FnZV9wZWFrIjogMS4yNywgImdiX3NpemVfcGVhayI6IDEuNDQxfQ==\n"}
,{"stream_name":"stdout","time":48.053964255,"data":"REPORT_LINE eyJ0eXBlIjogInZlcmRpY3QiLCAia2FwcGEiOiAwLjAsICJDVl9WcGVhayI6IDAuMTA5LCAiQ1ZfdHBlYWsiOiAwLjQ4MiwgImxvY2tfc3RhdGVfcmF0aW8iOiAwLjIyNiwgInJ1bGluZyI6ICJcdTk1MDFcdTkxY2YifQ==\n"}
,{"stream_name":"stdout","time":48.054774818,"data":"REPORT_LINE eyJ0eXBlIjogInZlcmRpY3QiLCAia2FwcGEiOiAxLjUsICJDVl9WcGVhayI6IDAuNDI2LCAiQ1ZfdHBlYWsiOiAwLjEwNywgImxvY2tfc3RhdGVfcmF0aW8iOiAzLjk3LCAicnVsaW5nIjogIlx1OTUwMVx1OWY4NCJ9\n"}
,{"stream_name":"stdout","time":48.055493061,"data":"REPORT_LINE eyJ0eXBlIjogInZlcmRpY3QiLCAia2FwcGEiOiAzLjAsICJDVl9WcGVhayI6IDAuNTQ5LCAiQ1ZfdHBlYWsiOiAwLjU0MiwgImxvY2tfc3RhdGVfcmF0aW8iOiAxLjAxMywgInJ1bGluZyI6ICJcdTRlMmRcdTk1ZjRcdTYwMDEifQ==\n"}
,{"stream_name":"stdout","time":48.055506843,"data":"PB24-NODES-DONE elapsed=47.1s\n"}
,{"stream_name":"stderr","time":50.85299855,"data":"/usr/local/lib/python3.12/dist-packages/mistune.py:435: SyntaxWarning: invalid escape sequence '\\|'\n"}
,{"stream_name":"stderr","time":50.853057108,"data":"  cells[i][c] = re.sub('\\\\\\\\\\|', '|', cell)\n"}
,{"stream_name":"stderr","time":51.19931379,"data":"/usr/local/lib/python3.12/dist-packages/nbconvert/filters/filter_links.py:36: SyntaxWarning: invalid escape sequence '\\_'\n"}
,{"stream_name":"stderr","time":51.199346354,"data":"  text = re.sub(r'_', '\\_', text) # Escape underscores in display text\n"}
,{"stream_name":"stderr","time":52.695302909,"data":"[NbConvertApp] Converting notebook __script__.ipynb to html\n"}
,{"stream_name":"stderr","time":54.269244148,"data":"[NbConvertApp] Writing 309660 bytes to __results__.html\n"}
]